> Task :app:preBuild UP-TO-DATE
> Task :app:preDebugBuild UP-TO-DATE
> Task :app:mergeDebugNativeDebugMetadata NO-SOURCE
> Task :app:javaPreCompileDebug UP-TO-DATE
> Task :app:checkDebugAarMetadata FAILED

[Incubating] Problems report is available at: file:///C:/Users/USER/Desktop/Car%20Project/build/reports/problems/problems-report.html
.\gradlew.bat : 
위치 줄:1 문자:1
+ .\gradlew.bat assembleDebug > build_output.txt 2>&1
+ ~~~~~~~~~~~~~~~~~~~~~~~~~~~~~~~~~~~~~~~~~~~~~~~~~~~
    + CategoryInfo          : NotSpecified: (:String) [], RemoteException
    + FullyQualifiedErrorId : NativeCommandError
 
FAILURE: Build failed with an exception.

* What went wrong:
Execution failed for task ':app:checkDebugAarMetadata'.
> Configuration `:app:debugRuntimeClasspath` contains AndroidX dependencies, but the `android.useAndroidX` property is 
not enabled, which may cause runtime issues.
  Set `android.useAndroidX=true` in the `gradle.properties` file and retry.
  The following AndroidX dependencies are detected:
  :app:debugRuntimeClasspath -> androidx.appcompat:appcompat:1.6.1
  :app:debugRuntimeClasspath -> com.google.android.material:material:1.11.0 -> androidx.activity:activity:1.8.0
  :app:debugRuntimeClasspath -> com.google.android.material:material:1.11.0 -> androidx.annotation:annotation:1.3.0
  :app:debugRuntimeClasspath -> androidx.appcompat:appcompat:1.6.1 -> androidx.appcompat:appcompat-resources:1.6.1 -> a
ndroidx.collection:collection:1.1.0
  :app:debugRuntimeClasspath -> com.google.android.material:material:1.11.0 -> androidx.core:core:1.9.0
  :app:debugRuntimeClasspath -> com.google.android.material:material:1.11.0 -> androidx.annotation:annotation-experimen
tal:1.3.0
  :app:debugRuntimeClasspath -> com.google.android.material:material:1.11.0 -> androidx.core:core:1.9.0 -> androidx.con
current:concurrent-futures:1.1.0
  :app:debugRuntimeClasspath -> com.google.android.material:material:1.11.0 -> androidx.lifecycle:lifecycle-runtime:2.6
.1
  :app:debugRuntimeClasspath -> androidx.appcompat:appcompat:1.6.1 -> androidx.savedstate:savedstate:1.2.1 -> androidx.
arch.core:core-common:2.2.0
  :app:debugRuntimeClasspath -> com.google.android.material:material:1.11.0 -> androidx.fragment:fragment:1.3.6 -> andr
oidx.lifecycle:lifecycle-livedata-core:2.6.1 -> androidx.arch.core:core-runtime:2.2.0
  :app:debugRuntimeClasspath -> androidx.appcompat:appcompat:1.6.1 -> androidx.savedstate:savedstate:1.2.1 -> androidx.
lifecycle:lifecycle-common:2.6.1
  :app:debugRuntimeClasspath -> com.google.android.material:material:1.11.0 -> androidx.fragment:fragment:1.3.6 -> andr
oidx.loader:loader:1.0.0 -> androidx.lifecycle:lifecycle-livedata:2.6.1
  :app:debugRuntimeClasspath -> com.google.android.material:material:1.11.0 -> androidx.fragment:fragment:1.3.6 -> andr
oidx.lifecycle:lifecycle-livedata-core:2.6.1
  :app:debugRuntimeClasspath -> androidx.appcompat:appcompat:1.6.1 -> androidx.emoji2:emoji2:1.2.0 -> androidx.lifecycl
e:lifecycle-process:2.6.1
  :app:debugRuntimeClasspath -> androidx.appcompat:appcompat:1.6.1 -> androidx.emoji2:emoji2:1.2.0 -> androidx.startup:
startup-runtime:1.1.1
  :app:debugRuntimeClasspath -> com.google.android.material:material:1.11.0 -> androidx.activity:activity:1.8.0 -> andr
oidx.tracing:tracing:1.0.0
  :app:debugRuntimeClasspath -> androidx.appcompat:appcompat:1.6.1 -> androidx.lifecycle:lifecycle-viewmodel:2.6.1
  :app:debugRuntimeClasspath -> com.google.android.material:material:1.11.0 -> androidx.fragment:fragment:1.3.6 -> andr
oidx.lifecycle:lifecycle-viewmodel-savedstate:2.6.1
  :app:debugRuntimeClasspath -> androidx.appcompat:appcompat:1.6.1 -> androidx.core:core-ktx:1.9.0
  :app:debugRuntimeClasspath -> androidx.appcompat:appcompat:1.6.1 -> androidx.savedstate:savedstate:1.2.1
  :app:debugRuntimeClasspath -> com.google.android.material:material:1.11.0 -> androidx.activity:activity:1.8.0 -> andr
oidx.profileinstaller:profileinstaller:1.3.0
  :app:debugRuntimeClasspath -> com.google.android.material:material:1.11.0 -> androidx.core:core:1.9.0 -> androidx.ver
sionedparcelable:versionedparcelable:1.1.1
  :app:debugRuntimeClasspath -> androidx.appcompat:appcompat:1.6.1 -> androidx.appcompat:appcompat-resources:1.6.1
  :app:debugRuntimeClasspath -> com.google.android.material:material:1.11.0 -> androidx.vectordrawable:vectordrawable:1
.1.0
  :app:debugRuntimeClasspath -> androidx.appcompat:appcompat:1.6.1 -> androidx.appcompat:appcompat-resources:1.6.1 -> a
ndroidx.vectordrawable:vectordrawable-animated:1.1.0
  :app:debugRuntimeClasspath -> androidx.appcompat:appcompat:1.6.1 -> androidx.appcompat:appcompat-resources:1.6.1 -> a
ndroidx.vectordrawable:vectordrawable-animated:1.1.0 -> androidx.interpolator:interpolator:1.0.0
  :app:debugRuntimeClasspath -> androidx.appcompat:appcompat:1.6.1 -> androidx.cursoradapter:cursoradapter:1.0.0
  :app:debugRuntimeClasspath -> com.google.android.material:material:1.11.0 -> androidx.drawerlayout:drawerlayout:1.1.1
  :app:debugRuntimeClasspath -> com.google.android.material:material:1.11.0 -> androidx.drawerlayout:drawerlayout:1.1.1
 -> androidx.customview:customview:1.1.0
  :app:debugRuntimeClasspath -> androidx.appcompat:appcompat:1.6.1 -> androidx.emoji2:emoji2:1.2.0
  :app:debugRuntimeClasspath -> androidx.appcompat:appcompat:1.6.1 -> androidx.emoji2:emoji2-views-helper:1.2.0
  :app:debugRuntimeClasspath -> com.google.android.material:material:1.11.0 -> androidx.fragment:fragment:1.3.6
  :app:debugRuntimeClasspath -> com.google.android.material:material:1.11.0 -> androidx.fragment:fragment:1.3.6 -> andr
oidx.viewpager:viewpager:1.0.0
  :app:debugRuntimeClasspath -> com.google.android.material:material:1.11.0 -> androidx.fragment:fragment:1.3.6 -> andr
oidx.loader:loader:1.0.0
  :app:debugRuntimeClasspath -> com.google.android.material:material:1.11.0 -> androidx.resourceinspection:resourceinsp
ection-annotation:1.0.1
  :app:debugRuntimeClasspath -> com.google.android.material:material:1.11.0
  :app:debugRuntimeClasspath -> com.google.android.material:material:1.11.0 -> androidx.cardview:cardview:1.0.0
  :app:debugRuntimeClasspath -> com.google.android.material:material:1.11.0 -> androidx.coordinatorlayout:coordinatorla
yout:1.1.0
  :app:debugRuntimeClasspath -> androidx.constraintlayout:constraintlayout:2.1.4
  :app:debugRuntimeClasspath -> androidx.constraintlayout:constraintlayout:2.1.4 -> androidx.constraintlayout:constrain
tlayout-core:1.0.4
  :app:debugRuntimeClasspath -> com.google.android.material:material:1.11.0 -> androidx.dynamicanimation:dynamicanimati
on:1.0.0
  :app:debugRuntimeClasspath -> com.google.android.material:material:1.11.0 -> androidx.dynamicanimation:dynamicanimati
on:1.0.0 -> androidx.legacy:legacy-support-core-utils:1.0.0
  :app:debugRuntimeClasspath -> com.google.android.material:material:1.11.0 -> androidx.dynamicanimation:dynamicanimati
on:1.0.0 -> androidx.legacy:legacy-support-core-utils:1.0.0 -> androidx.documentfile:documentfile:1.0.0
  :app:debugRuntimeClasspath -> com.google.android.material:material:1.11.0 -> androidx.dynamicanimation:dynamicanimati
on:1.0.0 -> androidx.legacy:legacy-support-core-utils:1.0.0 -> androidx.localbroadcastmanager:localbroadcastmanager:1.0
.0
  :app:debugRuntimeClasspath -> com.google.android.material:material:1.11.0 -> androidx.dynamicanimation:dynamicanimati
on:1.0.0 -> androidx.legacy:legacy-support-core-utils:1.0.0 -> androidx.print:print:1.0.0
  :app:debugRuntimeClasspath -> com.google.android.material:material:1.11.0 -> androidx.recyclerview:recyclerview:1.1.0
  :app:debugRuntimeClasspath -> com.google.android.material:material:1.11.0 -> androidx.transition:transition:1.2.0
  :app:debugRuntimeClasspath -> com.google.android.material:material:1.11.0 -> androidx.viewpager2:viewpager2:1.0.0

* Try:
> Run with --stacktrace option to get the stack trace.
> Run with --info or --debug option to get more log output.
> Run with --scan to generate a Build Scan (Powered by Develocity).
> Get more help at https://help.gradle.org.

Deprecated Gradle features were used in this build, making it incompatible with Gradle 10.

You can use '--warning-mode all' to show the individual deprecation warnings and determine if they come from your own scripts or plugins.

For more on this, please refer to https://docs.gradle.org/9.0.0/userguide/command_line_interface.html#sec:command_line_warnings in the Gradle documentation.

BUILD FAILED in 1s
2 actionable tasks: 1 executed, 1 up-to-date
